nohup: ignoring input
Loading required package: ape
Loading required package: nloptr
Loading required package: GenSA
Loading required package: corpcor
Loading required package: geiger
Loading required package: phytools
Loading required package: maps
Loading required package: RColorBrewer
Registered S3 methods overwritten by 'OUwie':
  method        from  
  plot.dentist  corHMM
  print.dentist corHMM

Attaching package: ‘OUwie’

The following object is masked from ‘package:corHMM’:

    getModelTable

[1] TRUE
[1] TRUE
Starting a thorough search with 50 simmaps using the nlopt_ln optimization protocol...
Starting a thorough search with 50 simmaps using the nlopt_ln optimization protocol...
Starting a thorough search with 50 simmaps using the nlopt_ln optimization protocol...
Starting a thorough search with 50 simmaps using the nlopt_ln optimization protocol...
Starting a thorough search with 50 simmaps using the nlopt_ln optimization protocol...
Starting a thorough search with 50 simmaps using the nlopt_ln optimization protocol...
 [1] -19818041.24      -901.89 -19817183.33         0.00         0.00
 [6]         0.00         0.00         0.00         0.00         0.00
[11]         0.00         0.05         0.00         8.28        11.15
[16]         1.64         2.51
 [1] -157370.45    -947.15 -156473.04       0.00       0.00       0.00
 [7]       0.00       0.00       0.00       0.00       0.00       0.02
[13]       0.00       5.79
 [1] 1286.20 -927.92 2087.41    0.00    0.00    0.00    0.00    0.00    0.00
[10]    0.00    0.00    0.00    1.70
 [1] 5580.62 -853.59 6408.72    0.00    0.00    0.00    0.00    0.00    0.00
[10]    0.00    0.00    0.00    8.06
 [1] -149554.28    -967.99 -148686.35       0.00       0.00       0.00
 [7]       0.00       0.00       0.00       0.00       0.00       0.03
[13]       0.00       1.95
 [1] 1045.34 -783.19 1803.91    0.00    0.00    0.00    0.00    0.00    0.00
[10]    0.00    0.00    0.00    3.19
 [1] -19824.64   -863.27 -19055.17      0.00      0.00      0.00      0.00
 [8]      0.00      0.00      0.00      0.00      0.00     23.13
 [1] -44958.37   -811.04 -44184.30      0.00      0.00      0.00      0.00
 [8]      0.00      0.00      0.00      0.00      0.00      1.17
 [1] 5748.39 -851.21 6576.49    0.00    0.00    0.00    0.00    0.00    0.00
[10]    0.00    0.00    0.01    0.00    8.06
 [1] 5748.38 -850.79 6576.49    0.00    0.00    0.00    0.00    0.00    0.00
[10]    0.00    0.00    0.01    0.00    8.06    8.06
 [1] -5549.58  -904.75 -3756.32     0.00     0.00     0.00     0.00     0.00
 [9]     0.00     0.00     0.00     0.00     0.00    51.10     2.12
 [1] -35140.40   -913.91 -10844.33      0.00      0.00      0.00      0.00
 [8]      0.00      0.00      0.00      0.00      0.00      0.00     44.94
[15]      7.14
 [1] -17357079.39      -979.08 -17314079.23         0.00         0.00
 [6]         0.00         0.00         0.00         0.00         0.00
[11]         0.00         0.04         0.00         2.91         2.94
[16]         1.34        27.10
 [1] -3080.33  -764.91 -2357.66     0.00     0.00     0.00     0.00     0.00
 [9]     0.00     0.00     0.00     0.00     0.00    29.74     4.08     1.16
[17]    11.58
 [1] -260.46 -823.17 1550.80    0.00    0.00    0.00    0.00    0.00    0.00
[10]    0.00    0.00    0.00    0.00   11.31    1.41
 [1] -297253.86    -825.04 -260660.14       0.00       0.00       0.00
 [7]       0.00       0.00       0.00       0.00       0.00       0.02
[13]       0.00       1.38      17.91
 [1] 2967.58 -929.54 5072.92    0.00    0.00    0.00    0.00    0.00    0.00
[10]    0.00    0.00    0.00    0.00   36.55   15.71   49.86    7.60
 [1] -199594.53    -920.07 -198807.13       0.00       0.00       0.00
 [7]       0.00       0.00       0.00       0.00       0.00       0.01
[13]       0.00      11.71       0.99
 [1] -172374.44    -934.68 -156100.55       0.00       0.00       0.00
 [7]       0.00       0.00       0.00       0.00       0.00       0.00
[13]       0.00      51.09      53.16
 [1] -65283.32   -866.55 -37230.19      0.00      0.00      0.00      0.00
 [8]      0.00      0.00      0.00      0.00      0.02      0.00     37.42
[15]      1.61
 [1] 5748.39 -852.78 6576.51    0.00    0.00    0.00    0.00    0.00    0.00
[10]    0.00    0.00    0.01    0.00    8.03    8.07
 [1] -12116.25   -847.85    610.51      0.00      0.00      0.00      0.00
 [8]      0.00      0.00      0.00      0.00      0.00      0.00      0.82
[15]     34.29
 [1] -9312635.55     -771.00 -9250137.60        0.00        0.00        0.00
 [7]        0.00        0.00        0.00        0.00        0.00        0.05
[13]        0.00        2.38       46.23
 [1] -90823.67   -894.91 -90073.18      0.00      0.00      0.00      0.00
 [8]      0.00      0.00      0.00      0.00      0.02      0.00     20.84
[15]     20.57
 [1] -19377.12   -881.91   -983.33      0.00      0.00      0.00      0.00
 [8]      0.00      0.00      0.00      0.00      0.00      0.00      0.85
[15]     66.36
 [1] -503709.72    -956.55 -502809.05       0.00       0.00       0.00
 [7]       0.00       0.00       0.00       0.00       0.00       0.05
[13]       0.00      18.22      19.31      11.74      10.96
 [1] -2789.59  -799.89   -76.52     0.00     0.00     0.00     0.00     0.00
 [9]     0.00     0.00     0.00     0.01     0.00    17.37     1.27
 [1] 5748.41 -856.19 6576.52    0.00    0.00    0.00    0.00    0.00    0.00
[10]    0.00    0.00    0.01    0.00    8.08    8.06    8.05    8.06
 [1] -18567925.97      -750.90 -18529162.18         0.00         0.00
 [6]         0.00         0.00         0.00         0.00         0.00
[11]         0.00         0.02         0.00         1.50         2.66
[16]         4.56        51.45
 [1] 5748.38 -856.54 6576.49    0.00    0.00    0.00    0.00    0.00    0.00
[10]    0.00    0.00    0.01    0.00    8.06    8.05
 [1] -3273169.63     -860.66 -3263887.32        0.00        0.00        0.00
 [7]        0.00        0.00        0.00        0.00        0.00        0.01
[13]        0.00       62.55        2.57
 [1] 3347.81 -765.47 4281.67    0.00    0.00    0.00    0.00    0.00    0.00
[10]    0.00    0.00    0.00    0.00    1.35    5.33
 [1] -157297.48    -846.34 -156473.04       0.00       0.00       0.00
 [7]       0.00       0.00       0.00       0.00       0.00       0.02
[13]       0.00       5.79
 [1] -19665.97   -711.52 -19055.17      0.01      0.00      0.00      0.00
 [8]      0.00      0.00      0.00      0.00      0.00     23.13
 [1] 1153.58 -749.88 1803.91    0.09    0.00    0.00    0.00    0.00    0.00
[10]    0.00    0.00    0.00    3.19
 [1] 1000.57 -745.52 1701.52    0.02    0.00    0.00    0.00    0.00    0.00
[10]    0.00    0.00    0.00    0.00    0.85   66.36
 [1] -519250.65    -794.12 -518497.25       0.00       0.00       0.00
 [7]       0.00       0.00       0.00       0.00       0.00       0.05
[13]       0.00      18.22      19.31      11.74      10.96
 [1]  834.30 -795.39 1504.03    0.12    0.00    0.00    0.00    0.00    0.00
[10]    0.00    0.00    0.00    0.00    0.82   34.29
 [1] -4529824.18     -770.16 -4529057.16        0.00        0.00        0.00
 [7]        0.00        0.00        0.00        0.00        0.00        0.01
[13]        0.00       62.55        2.57
 [1] -2565.39  -665.53 -1935.86     0.05     0.00     0.00     0.00     0.00
 [9]     0.00     0.00     0.00     0.01     0.00    17.37     1.27
 [1] -64793.89   -742.31 -35400.93      0.08      0.00      0.00      0.00
 [8]      0.00      0.00      0.00      0.00      0.02      0.00     37.42
[15]      1.61
 [1] -15367971.28      -703.69 -15336915.25         0.12         0.00
 [6]         0.00         0.00         0.00         0.00         0.00
[11]         0.00         0.02         0.00         1.50         2.66
[16]         4.56        51.45
 [1] -157578.22   -1143.12 -156473.04       0.00       0.09       0.00
 [7]       0.00       0.00       0.00       0.00       0.00       0.02
[13]       0.00       5.79

It appears that an optimization failed. Removing failed optimizations from final output.
 [1] -503705.30    -900.11 -502858.99       0.00       0.02       0.00
 [7]       0.00       0.00       0.00       0.00       0.00       0.05
[13]       0.00      18.22      19.31      11.74      10.96
 [1] -2498.77  -689.53 -1843.77     0.05     0.03     0.00     0.00     0.00
 [9]     0.00     0.00     0.00     0.01     0.00    17.37     1.27
 [1] -3230031.81     -783.36 -3221016.11        0.00        0.01        0.00
 [7]        0.00        0.00        0.00        0.00        0.00        0.01
[13]        0.00       62.55        2.57
 [1] -210722.06    -688.70 -181560.74       0.08       0.00       0.00
 [7]       0.00       0.00       0.00       0.00       0.00       0.02
[13]       0.00      37.42       1.61
 [1] -504444.96    -888.92 -503591.98       0.00       0.02       0.00
 [7]       0.00       0.00       0.00       0.00       0.00       0.05
[13]       0.00      18.22      19.31      11.74      10.96
 [1] -157491.57   -1065.98 -156473.04       0.00       0.00       0.00
 [7]       0.00       0.00       0.00       0.00       0.00       0.02
[13]       0.00       5.79

It appears that an optimization failed. Removing failed optimizations from final output.

It appears that an optimization failed. Removing failed optimizations from final output.
 [1] -47843.99   -946.67 -19781.63      0.00      0.00      0.00      0.00
 [8]      0.00      0.00      0.00      0.00      0.02      0.00     37.42
[15]      1.61
 [1] -503635.67    -891.02 -502809.05       0.00       0.01       0.00
 [7]       0.00       0.00       0.00       0.00       0.00       0.05
[13]       0.00      18.22      19.31      11.74      10.96

It appears that an optimization failed. Removing failed optimizations from final output.
 [1] -104278.88   -1059.61  -76314.41       0.00       0.00       0.00
 [7]       0.00       0.00       0.00       0.00       0.00       0.02
[13]       0.00      37.42       1.61
 [1] -512483.94   -1887.20 -510653.30       0.00       0.67       0.00
 [7]       0.00       0.00       0.00       0.00       0.00       0.05
[13]       0.00      18.22      19.31      11.74      10.96

It appears that an optimization failed. Removing failed optimizations from final output.
 [1] -503657.16    -908.64 -502809.05       0.00       0.00       0.00
 [7]       0.00       0.00       0.00       0.00       0.00       0.05
[13]       0.00      18.22      19.31      11.74      10.96
 [1] -503689.09    -936.37 -502809.05       0.00       0.00       0.00
 [7]       0.00       0.00       0.00       0.00       0.00       0.05
[13]       0.00      18.22      19.31      11.74      10.96

It appears that an optimization failed. Removing failed optimizations from final output.
[[1]]
NULL

[[2]]
NULL

[[3]]
NULL

[[4]]
NULL

[[5]]
NULL

[[6]]
NULL

