Loading required package: ape
Loading required package: nloptr
Loading required package: GenSA
Loading required package: corpcor
Loading required package: geiger
Loading required package: phytools
Loading required package: maps
Loading required package: RColorBrewer
Registered S3 methods overwritten by 'OUwie':
  method        from  
  plot.dentist  corHMM
  print.dentist corHMM

Attaching package: ‘OUwie’

The following object is masked from ‘package:corHMM’:

    getModelTable

[1] TRUE
[1] TRUE
Starting a thorough search with 50 simmaps using the nlopt_ln optimization protocol...
Starting a thorough search with 50 simmaps using the nlopt_ln optimization protocol...
Starting a thorough search with 50 simmaps using the nlopt_ln optimization protocol...
Starting a thorough search with 50 simmaps using the nlopt_ln optimization protocol...
Starting a thorough search with 50 simmaps using the nlopt_ln optimization protocol...
Starting a thorough search with 50 simmaps using the nlopt_ln optimization protocol...
 [1] -1357459.50     -817.63 -1356647.21        0.00        0.00        0.00
 [7]        0.00        0.00        0.00        0.00        0.00        0.02
[13]        0.00        7.22       34.13        2.89       31.06
 [1] -3813.94  -807.83 -3091.08     0.00     0.00     0.00     0.00     0.00
 [9]     0.00     0.00     0.00     0.00     0.00    14.41     0.93     1.27
[17]    11.11
 [1] 4521.10 -784.58 5294.37    0.00    0.00    0.00    0.00    0.00    0.00
[10]    0.00    0.00    0.00    5.73
 [1] 1209.79 -805.57 1974.65    0.00    0.00    0.00    0.00    0.00    0.00
[10]    0.00    0.00    0.00    0.00    3.08
 [1] 1399.19 -788.52 2156.94    0.00    0.00    0.00    0.00    0.00    0.00
[10]    0.00    0.00    0.00    1.87
 [1] -857739.48    -784.08 -857012.97       0.00       0.00       0.00
 [7]       0.00       0.00       0.00       0.00       0.00       0.02
[13]       0.00      25.02       2.02       1.26       1.18
 [1] -381288.06    -897.16 -380502.03       0.00       0.00       0.00
 [7]       0.00       0.00       0.00       0.00       0.00       0.00
[13]      34.14
 [1]  214.08 -904.88  978.76    0.00    0.00    0.00    0.00    0.00    0.00
[10]    0.00    0.00    0.00    3.35
 [1] -92570.60   -896.12 -91724.06      0.00      0.00      0.00      0.00
 [8]      0.00      0.00      0.00      0.00      0.00     26.64
 [1] -3602.11  -895.22 -2753.17     0.00     0.00     0.00     0.00     0.00
 [9]     0.00     0.00     0.00     0.00     3.08
 [1] -178243.26    -897.73 -177363.24       0.00       0.00       0.00
 [7]       0.00       0.00       0.00       0.00       0.00       0.00
[13]       0.00      18.47
 [1] 5580.62 -859.71 6408.72    0.00    0.00    0.00    0.00    0.00    0.00
[10]    0.00    0.00    0.00    8.06
 [1] -412906.56    -860.16 -412051.10       0.00       0.00       0.00
 [7]       0.00       0.00       0.00       0.00       0.00       0.01
[13]       0.00      19.39       0.91      17.70       3.38
 [1] -3052.40  -787.00  6251.54     0.00     0.00     0.00     0.00     0.00
 [9]     0.00     0.00     0.00     0.00     0.00     9.96     1.98     5.82
[17]    12.43
 [1] 5748.39 -864.01 6576.49    0.00    0.00    0.00    0.00    0.00    0.00
[10]    0.00    0.00    0.01    0.00    8.06
 [1] -22426.63   -836.42 -21645.64      0.00      0.00      0.00      0.00
 [8]      0.00      0.00      0.00      0.00      0.00      0.00     17.18
 [1] -10200790.21      -765.93 -10148814.38         0.00         0.00
 [6]         0.00         0.00         0.00         0.00         0.00
[11]         0.00         0.02         0.00         9.71        31.04
 [1] -336096.45    -883.71 -335273.43       0.00       0.00       0.00
 [7]       0.00       0.00       0.00       0.00       0.00       0.01
[13]       0.00      46.15
 [1] 5748.38 -858.38 6576.49    0.00    0.00    0.00    0.00    0.00    0.00
[10]    0.00    0.00    0.01    0.00    8.06    8.06
 [1] -10193.47   -881.44  -7112.44      0.00      0.00      0.00      0.00
 [8]      0.00      0.00      0.00      0.00      0.01      0.00     17.29
[15]      2.60
 [1] -1504.60  -750.31     5.47     0.00     0.00     0.00     0.00     0.00
 [9]     0.00     0.00     0.00     0.00     0.00    21.21     5.18
 [1] -17987.04   -990.24   6271.87      0.00      0.00      0.00      0.00
 [8]      0.00      0.00      0.00      0.00      0.01      0.00     40.50
[15]      7.28
 [1]  562.36 -861.75 1371.75    0.00    0.00    0.00    0.00    0.00    0.00
[10]    0.00    0.00    0.00    0.00    6.11
 [1] -268721.90    -950.09 -242500.47       0.00       0.00       0.00
 [7]       0.00       0.00       0.00       0.00       0.00       0.00
[13]       0.00      27.49       9.43       5.38      54.63
 [1] -37866.93   -939.61 -14170.83      0.00      0.00      0.00      0.00
 [8]      0.00      0.00      0.00      0.00      0.01      0.00     42.28
[15]      5.51     33.55     32.22
 [1] -7527.52  -962.90 -3475.78     0.00     0.00     0.00     0.00     0.00
 [9]     0.00     0.00     0.00     0.01     0.00     4.51     0.87
 [1] -22974.74   -917.30   2292.73      0.00      0.00      0.00      0.00
 [8]      0.00      0.00      0.00      0.00      0.01      0.00     36.26
[15]      9.28
 [1] -610867.08    -914.56 -565817.68       0.00       0.00       0.00
 [7]       0.00       0.00       0.00       0.00       0.00       0.01
[13]       0.00      29.62      49.25
 [1] 3282.11 -855.11 4092.01    0.00    0.00    0.00    0.00    0.00    0.00
[10]    0.00    0.00    0.00    0.00   29.19    4.65
 [1] -2488.78  -781.30 -1737.57     0.00     0.00     0.00     0.00     0.00
 [9]     0.00     0.00     0.00     0.01     0.00    14.18     2.99
 [1] -13756.22  -1004.67   7000.52      0.00      0.00      0.00      0.00
 [8]      0.00      0.00      0.00      0.00      0.00      0.00      9.18
[15]     16.48
 [1] -107911.17    -902.84 -101434.91       0.00       0.00       0.00
 [7]       0.00       0.00       0.00       0.00       0.00       0.00
[13]       0.00      66.40      23.36
 [1]  377.99 -781.65 1119.18    0.00    0.00    0.00    0.00    0.00    0.00
[10]    0.00    0.00    0.00    0.00    0.98    1.07
 [1] 3761.46 -857.45 4593.23    0.00    0.00    0.00    0.00    0.00    0.00
[10]    0.00    0.00    0.00    0.00    5.64    5.77
 [1] 5748.41 -861.76 6576.52    0.00    0.00    0.00    0.00    0.00    0.00
[10]    0.00    0.00    0.01    0.00    8.08    8.06    8.05    8.06
 [1] 5748.28 -857.29 6576.51    0.00    0.00    0.00    0.00    0.00    0.00
[10]    0.00    0.00    0.01    0.00    8.03    8.07
 [1] -685816.42    -808.97 -636006.78       0.00       0.00       0.00
 [7]       0.00       0.00       0.00       0.00       0.00       0.01
[13]       0.00       5.35      72.10      16.16      11.61
 [1] 5748.38 -856.56 6576.49    0.00    0.00    0.00    0.00    0.00    0.00
[10]    0.00    0.00    0.01    0.00    8.06    8.05
 [1] -1200937.76     -756.78 -1200210.91        0.09        0.00        0.00
 [7]        0.00        0.00        0.00        0.00        0.00        0.02
[13]        0.00        7.22       34.13        2.89       31.06
 [1] -3151.72  -701.93 -2526.21     0.02     0.00     0.00     0.00     0.00
 [9]     0.00     0.00     0.00     0.00     0.00    14.41     0.93     1.27
[17]    11.11
 [1] -884598.22    -691.23 -883988.79       0.08       0.00       0.00
 [7]       0.00       0.00       0.00       0.00       0.00       0.02
[13]       0.00      25.02       2.02       1.26       1.18
 [1] -92461.01   -794.08 -91724.06      0.00      0.00      0.00      0.00
 [8]      0.00      0.00      0.00      0.00      0.00     26.64
 [1] 1318.82 -743.99 1974.65    0.10    0.00    0.00    0.00    0.00    0.00
[10]    0.00    0.00    0.00    0.00    3.08
 [1] -22263.86   -688.52 -21645.64      0.03      0.00      0.00      0.00
 [8]      0.00      0.00      0.00      0.00      0.00      0.00     17.18
 [1] -3415.00  -721.07 -2753.17     0.01     0.00     0.00     0.00     0.00
 [9]     0.00     0.00     0.00     0.00     3.08
 [1] -6919.16  -768.65 -6211.23     0.01     0.00     0.00     0.00     0.00
 [9]     0.00     0.00     0.00     0.01     0.00     4.51     0.87
 [1]  673.26 -744.71 1371.75    0.00    0.00    0.00    0.00    0.00    0.00
[10]    0.00    0.00    0.00    0.00    6.11
 [1] -269664.88    -772.63 -250998.18       0.02       0.00       0.00
 [7]       0.00       0.00       0.00       0.00       0.00       0.00
[13]       0.00      27.49       9.43       5.38      54.63
 [1] -13794174.26      -670.62 -13793552.30         0.03         0.00
 [6]         0.00         0.00         0.00         0.00         0.00
[11]         0.00         0.02         0.00         9.71        31.04
 [1]  315.24 -655.13  924.56    0.03    0.00    0.00    0.00    0.00    0.00
[10]    0.00    0.00    0.01    0.00   14.18    2.99
 [1] 3284.86 -851.02 4092.01    0.00    0.00    0.00    0.00    0.00    0.00
[10]    0.00    0.00    0.00    0.00   29.19    4.65
 [1] -9587.94  -807.33  6271.87     0.04     0.00     0.00     0.00     0.00
 [9]     0.00     0.00     0.00     0.01     0.00    40.50     7.28
 [1] -3629.65  -757.79 -2969.29     0.03     0.00     0.00     0.00     0.00
 [9]     0.00     0.00     0.00     0.01     0.00    17.29     2.60
 [1] -597251.66    -710.28 -571347.24       0.01       0.00       0.00
 [7]       0.00       0.00       0.00       0.00       0.00       0.01
[13]       0.00      29.62      49.25
 [1] -108252.27    -831.67 -102173.99       0.00       0.00       0.00
 [7]       0.00       0.00       0.00       0.00       0.00       0.00
[13]       0.00      66.40      23.36
 [1] -6209.71  -821.84  7000.52     0.00     0.00     0.00     0.00     0.00
 [9]     0.00     0.00     0.00     0.00     0.00     9.18    16.48
 [1] -1206368.40     -701.92 -1205688.74        0.09        0.00        0.00
 [7]        0.00        0.00        0.00        0.00        0.00        0.02
[13]        0.00        7.22       34.13        2.89       31.06
 [1] -880647.55   -1269.71 -879451.45       0.00       0.17       0.00
 [7]       0.00       0.00       0.00       0.00       0.00       0.02
[13]       0.00      25.02       2.02       1.26       1.18
 [1] 1329.66 -739.33 1974.65    0.10    0.02    0.00    0.00    0.00    0.00
[10]    0.00    0.00    0.00    0.00    3.08
 [1] -22396.69   -825.82 -21645.64      0.03      0.05      0.00      0.00
 [8]      0.00      0.00      0.00      0.00      0.00      0.00     17.18
 [1]  -414.71 -1137.18   635.90     0.03     0.14     0.00     0.00     0.00
 [9]     0.00     0.00     0.00     0.01     0.00    14.18     2.99

It appears that an optimization failed. Removing failed optimizations from final output.
 [1] -275593.10    -883.39 -242690.37       0.00       0.00       0.00
 [7]       0.00       0.00       0.00       0.00       0.00       0.00
[13]       0.00      27.49       9.43       5.38      54.63
 [1] 3333.42 -813.89 4098.63    0.00    0.02    0.00    0.00    0.00    0.00
[10]    0.00    0.00    0.00    0.00   29.19    4.65
 [1] -2809.37  -752.17 -2159.06     0.03     0.02     0.00     0.00     0.00
 [9]     0.00     0.00     0.00     0.01     0.00    17.29     2.60
 [1] -1345757.28     -883.23 -1344901.99        9.07        0.00        0.00
 [7]        0.00        0.00        0.00        0.00        0.00        0.02
[13]        0.00        7.22       34.13        2.89       31.06
 [1] -846672.59   -1280.68 -845453.04       0.00       0.17       0.00
 [7]       0.00       0.00       0.00       0.00       0.00       0.02
[13]       0.00      25.02       2.02       1.26       1.18

It appears that an optimization failed. Removing failed optimizations from final output.
 [1] -22474.73   -894.91 -21645.64      2.99      0.05      0.00      0.00
 [8]      0.00      0.00      0.00      0.00      0.00      0.00     17.18

It appears that an optimization failed. Removing failed optimizations from final output.

It appears that an optimization failed. Removing failed optimizations from final output.
 [1] -1355153.49     -897.36 -1354286.48        0.91        0.00        0.00
 [7]        0.00        0.00        0.00        0.00        0.00        0.02
[13]        0.00        7.22       34.13        2.89       31.06
 [1] -22306.74   -701.16 -21645.64      0.00      0.00      0.00      0.00
 [8]      0.00      0.00      0.00      0.00      0.00      0.00     17.18
 [1] -1400438.44     -750.75 -1399722.58        0.01        0.00        0.00
 [7]        0.00        0.00        0.00        0.00        0.00        0.02
[13]        0.00        7.22       34.13        2.89       31.06
 [1] -22402.20   -797.17 -21645.64      0.00      0.00      0.00      0.00
 [8]      0.00      0.00      0.00      0.00      0.00      0.00     17.18
 [1] -1206059.26     -735.28 -1205355.30        0.09        0.00        0.00
 [7]        0.00        0.00        0.00        0.00        0.00        0.02
[13]        0.00        7.22       34.13        2.89       31.06
 [1] -22258.38   -680.03 -21645.64      0.02      0.01      0.00      0.00
 [8]      0.00      0.00      0.00      0.00      0.00      0.00     17.18
 [1] -1368695.61     -912.67 -1367813.82        0.91        0.00        0.00
 [7]        0.00        0.00        0.00        0.00        0.00        0.02
[13]        0.00        7.22       34.13        2.89       31.06
 [1] -22284.05   -707.12 -21645.64      0.17      0.00      0.00      0.00
 [8]      0.00      0.00      0.00      0.00      0.00      0.00     17.18
 [1] -1365629.97     -840.52 -1364814.50        0.29        0.00        0.00
 [7]        0.00        0.00        0.00        0.00        0.00        0.02
[13]        0.00        7.22       34.13        2.89       31.06
 [1] -22237.25   -667.87 -21645.64      0.06      0.00      0.00      0.00
 [8]      0.00      0.00      0.00      0.00      0.00      0.00     17.18

It appears that an optimization failed. Removing failed optimizations from final output.

It appears that an optimization failed. Removing failed optimizations from final output.
[[1]]
NULL

[[2]]
NULL

[[3]]
NULL

[[4]]
NULL

[[5]]
NULL

[[6]]
NULL

